
[1m[0;35m================================================================[0m

[1m[0;35m  SETU KALKI — PHASE 2 CONTINUATION (NO SUPABASE CLI)[0m

[1m[0;35m  Run ID:    20260928T130550Z[0m

[1m[0;35m  Platform:  windows[0m

[1m[0;35m  Repo:      /d/setu[0m

[1m[0;35m================================================================[0m

[1m[0;36m>>> Step 1 — Preflight[0m
[0;34m[2026-09-28T13:05:52Z][INFO ][0m Node.js: 24.18.0
[0;34m[2026-09-28T13:05:52Z][INFO ][0m npm:     11.16.0
[0;32m[2026-09-28T13:05:52Z][OK   ][0m Node.js version acceptable
[0;34m[2026-09-28T13:05:52Z][INFO ][0m git version 2.55.0.windows.2

[1m[0;36m>>> Step 2 — Verify Phase 1 baseline[0m
[0;32m[2026-09-28T13:05:53Z][OK   ][0m All baseline files present
[0;32m[2026-09-28T13:05:53Z][OK   ][0m notifications table present in types

[1m[0;36m>>> Step 3 — Verify Phase 2 artifacts[0m
[0;32m[2026-09-28T13:05:53Z][OK   ][0m Present: supabase/migrations/021_organizations.sql
[0;32m[2026-09-28T13:05:53Z][OK   ][0m Present: supabase/migrations/022_management_tables.sql
[0;32m[2026-09-28T13:05:53Z][OK   ][0m Present: supabase/migrations/023_agent_schedules.sql
[0;32m[2026-09-28T13:05:53Z][OK   ][0m Present: components/shared/empty-state-onboarding.tsx
[0;32m[2026-09-28T13:05:53Z][OK   ][0m Present: components/shared/data-table.tsx
[0;34m[2026-09-28T13:05:53Z][INFO ][0m Migration files ready for manual upload to Supabase dashboard

[1m[0;36m>>> Step 4 — Environment resolution[0m
[0;32m[2026-09-28T13:05:58Z][OK   ][0m Loaded .env.local
[0;32m[2026-09-28T13:05:58Z][OK   ][0m Environment ready for build

[1m[0;36m>>> Step 5 — Dependency check[0m
[0;32m[2026-09-28T13:05:58Z][OK   ][0m node_modules present

[1m[0;36m>>> Step 6 — TypeScript typecheck[0m
[0;34m[2026-09-28T13:05:59Z][INFO ][0m Running typecheck, this takes 30 to 90 seconds
[0;31m[2026-09-28T13:06:06Z][ERROR][0m TypeScript errors detected:
components/shared/data-table.tsx(7,3): error TS2724: '"@tanstack/react-table"' has no exported member named 'getCoreRowModel'. Did you mean 'createCoreRowModel'?
components/shared/data-table.tsx(8,3): error TS2724: '"@tanstack/react-table"' has no exported member named 'getFilteredRowModel'. Did you mean 'createFilteredRowModel'?
components/shared/data-table.tsx(9,3): error TS2305: Module '"@tanstack/react-table"' has no exported member 'getPaginationRowModel'.
components/shared/data-table.tsx(10,3): error TS2724: '"@tanstack/react-table"' has no exported member named 'getSortedRowModel'. Did you mean 'createSortedRowModel'?
components/shared/data-table.tsx(12,3): error TS2724: '"@tanstack/react-table"' has no exported member named 'useReactTable'. Did you mean 'ReactTable'?
components/shared/data-table.tsx(20,22): error TS2344: Type 'TData' does not satisfy the constraint 'TableFeatures'.
components/shared/data-table.tsx(68,45): error TS7006: Parameter 'hg' implicitly has an 'any' type.
components/shared/data-table.tsx(70,36): error TS7006: Parameter 'header' implicitly has an 'any' type.
components/shared/data-table.tsx(110,47): error TS7006: Parameter 'row' implicitly has an 'any' type.
components/shared/data-table.tsx(115,49): error TS7006: Parameter 'cell' implicitly has an 'any' type.
[0;31m[2026-09-28T13:06:06Z][ERROR][0m Full log: /d/setu/.phase2-logs/continue-20260928T130550Z.log
[0;31m[2026-09-28T13:06:07Z][ERROR][0m Pipeline aborted with exit code 1
[0;31m[2026-09-28T13:06:07Z][ERROR][0m Log:     /d/setu/.phase2-logs/continue-20260928T130550Z.log
[0;31m[2026-09-28T13:06:07Z][ERROR][0m Backups: /d/setu/.phase2-backups/continue-20260928T130550Z
