
[1m[0;35m==================================================================[0m

[1m[0;35m  SETU KALKI — PHASE 2 PIPELINE[0m

[1m[0;35m  Run ID:    20260928T130430Z[0m

[1m[0;35m  Platform:  windows[0m

[1m[0;35m  Repo:      /d/setu[0m

[1m[0;35m==================================================================[0m

[1m[0;36m>>> Step 1 — Preflight checks[0m
[0;34m[2026-09-28T13:04:31Z][INFO ][0m Node.js: 24.18.0
[0;34m[2026-09-28T13:04:31Z][INFO ][0m npm:     11.16.0
[0;32m[2026-09-28T13:04:31Z][OK   ][0m Runtime versions acceptable
[0;34m[2026-09-28T13:04:32Z][INFO ][0m git version 2.55.0.windows.2
[0;34m[2026-09-28T13:04:33Z][INFO ][0m Supabase CLI: 2.117.0

[1m[0;36m>>> Step 2 — Verify Phase 1 baseline[0m
[0;32m[2026-09-28T13:04:33Z][OK   ][0m All baseline files present
[0;32m[2026-09-28T13:04:34Z][OK   ][0m notifications table present in types

[1m[0;36m>>> Step 3 — Environment resolution[0m
[0;32m[2026-09-28T13:04:34Z][OK   ][0m .env.placeholder exists
[0;32m[2026-09-28T13:04:39Z][OK   ][0m Loaded .env.local
[0;32m[2026-09-28T13:04:39Z][OK   ][0m Environment ready

[1m[0;36m>>> Step 4 — Migration 021 organizations[0m
[0;34m[2026-09-28T13:04:39Z][INFO ][0m Creating migration 021
[0;32m[2026-09-28T13:04:39Z][OK   ][0m Wrote: supabase/migrations/021_organizations.sql

[1m[0;36m>>> Step 5 — Migration 022 management tables[0m
[0;34m[2026-09-28T13:04:40Z][INFO ][0m Creating migration 022
[0;32m[2026-09-28T13:04:40Z][OK   ][0m Wrote: supabase/migrations/022_management_tables.sql

[1m[0;36m>>> Step 6 — Migration 023 agent schedules[0m
[0;34m[2026-09-28T13:04:40Z][INFO ][0m Creating migration 023
[0;32m[2026-09-28T13:04:41Z][OK   ][0m Wrote: supabase/migrations/023_agent_schedules.sql

[1m[0;36m>>> Step 7 — Component empty-state-onboarding[0m
[0;34m[2026-09-28T13:04:41Z][INFO ][0m Creating empty-state-onboarding.tsx
[0;32m[2026-09-28T13:04:42Z][OK   ][0m Wrote: components/shared/empty-state-onboarding.tsx

[1m[0;36m>>> Step 8 — Component shared data-table[0m
[0;34m[2026-09-28T13:04:42Z][INFO ][0m Creating data-table.tsx
[0;32m[2026-09-28T13:04:42Z][OK   ][0m Wrote: components/shared/data-table.tsx

[1m[0;36m>>> Step 9 — Supabase migrations push[0m
[0;34m[2026-09-28T13:04:45Z][INFO ][0m Pushing migrations to remote...
[1;33m[2026-09-28T13:04:47Z][WARN ][0m Attempt 1 of 2 failed, retrying in 3s
[0;31m[2026-09-28T13:04:52Z][ERROR][0m Failed after 2 attempts: supabase
db
push
--include-all
Try rerunning the command with --debug to troubleshoot the error.
[1;33m[2026-09-28T13:04:47Z][WARN ][0m Attempt 1 of 2 failed, retrying in 3s
Cannot find project ref. Have you run supabase link?
Try rerunning the command with --debug to troubleshoot the error.
[0;31m[2026-09-28T13:04:52Z][ERROR][0m Failed after 2 attempts: supabase
db
push
--include-all
[1;33m[2026-09-28T13:04:52Z][WARN ][0m Migration push failed
[0;31m[2026-09-28T13:04:52Z][ERROR][0m Pipeline aborted with exit 1
[0;31m[2026-09-28T13:04:53Z][ERROR][0m Log:     /d/setu/.phase2-logs/phase2-20260928T130430Z.log
[0;31m[2026-09-28T13:04:53Z][ERROR][0m Backups: /d/setu/.phase2-backups/20260928T130430Z
