
[1m[0;35m================================================================[0m

[1m[0;35m  SETU KALKI — PHASE 1 COMPLETE IMPLEMENTATION[0m

[1m[0;35m  Run ID:    20260929T103415Z[0m

[1m[0;35m  Platform:  windows[0m

[1m[0;35m  Repo:      /d/setu[0m

[1m[0;35m================================================================[0m

[1m[0;36m>>> Step 1 — Preflight[0m
[0;34m[2026-09-29T10:34:19Z][INFO ][0m Node.js: 24.18.0
[0;34m[2026-09-29T10:34:20Z][INFO ][0m npm:     11.16.0
[0;32m[2026-09-29T10:34:20Z][OK   ][0m Node.js version acceptable
[0;34m[2026-09-29T10:34:21Z][INFO ][0m git version 2.55.0.windows.2
[0;32m[2026-09-29T10:34:21Z][OK   ][0m Project structure verified
[0;34m[2026-09-29T10:34:22Z][INFO ][0m TanStack Table: ^9.2.4
[0;32m[2026-09-29T10:34:22Z][OK   ][0m Preflight complete

[1m[0;36m>>> Step 3 — Environment[0m
[0;32m[2026-09-29T10:34:33Z][OK   ][0m Loaded .env.local
[0;32m[2026-09-29T10:34:33Z][OK   ][0m Environment ready

[1m[0;36m>>> Step 4 — Backups[0m
[0;34m[2026-09-29T10:34:34Z][INFO ][0m Backed up: components/shared/data-table.tsx
[0;34m[2026-09-29T10:34:35Z][INFO ][0m Backed up: proxy.ts
[0;34m[2026-09-29T10:34:36Z][INFO ][0m Backed up: lib/notifications/types.ts
[0;34m[2026-09-29T10:34:37Z][INFO ][0m Backed up: lib/notifications/queries.ts
[0;34m[2026-09-29T10:34:37Z][INFO ][0m Backed up: app/actions/notifications.ts
[0;34m[2026-09-29T10:34:38Z][INFO ][0m Backed up: components/notifications/notification-bell.tsx
[0;34m[2026-09-29T10:34:39Z][INFO ][0m Backed up: supabase/migrations/003_phase5.sql
[0;34m[2026-09-29T10:34:39Z][INFO ][0m Backup directory: /d/setu/.phase1-backups/20260929T103415Z

[1m[0;36m>>> Step 5 — Fix migration 003 quoting[0m
[0;32m[2026-09-29T10:34:40Z][OK   ][0m Migration 003 already clean

[1m[0;36m>>> Step 6 — Fix data-table.tsx for TanStack v9[0m
[1;33m[2026-09-29T10:34:41Z][WARN ][0m Detected v8 API — rewriting for v9
[0;32m[2026-09-29T10:34:42Z][OK   ][0m Wrote: components/shared/data-table.tsx

[1m[0;36m>>> Step 7 — Migrate middleware.ts to proxy.ts[0m
[0;32m[2026-09-29T10:34:42Z][OK   ][0m proxy.ts already present

[1m[0;36m>>> Step 8 — Fix notifications types[0m
[0;32m[2026-09-29T10:34:43Z][OK   ][0m notifications table already in types.ts

[1m[0;36m>>> Step 9 — Rewrite notification queries and actions[0m
[0;32m[2026-09-29T10:34:44Z][OK   ][0m Wrote: lib/notifications/types.ts
[0;32m[2026-09-29T10:34:45Z][OK   ][0m Wrote: lib/notifications/queries.ts
[0;32m[2026-09-29T10:34:46Z][OK   ][0m Wrote: app/actions/notifications.ts
[0;32m[2026-09-29T10:34:47Z][OK   ][0m Wrote: components/notifications/notification-bell.tsx
[0;32m[2026-09-29T10:34:48Z][OK   ][0m Notification files rewritten

[1m[0;36m>>> Step 10 — Create Modal apps[0m
[0;32m[2026-09-29T10:34:49Z][OK   ][0m Wrote: modal_apps/ad_backfill.py
[0;32m[2026-09-29T10:34:50Z][OK   ][0m Wrote: modal_apps/lead_scraper.py
[0;32m[2026-09-29T10:34:51Z][OK   ][0m Wrote: modal_apps/scheduler.py
[0;32m[2026-09-29T10:34:51Z][OK   ][0m Modal apps created

[1m[0;36m>>> Step 11 — Modal budget guardrails[0m
[0;32m[2026-09-29T10:34:53Z][OK   ][0m Wrote: lib/modal/client.ts
[0;32m[2026-09-29T10:34:53Z][OK   ][0m Modal client created

[1m[0;36m>>> Step 12 — WhatsApp database migration[0m
[0;32m[2026-09-29T10:34:54Z][OK   ][0m Wrote: supabase/migrations/024_whatsapp.sql
[0;32m[2026-09-29T10:34:55Z][OK   ][0m Wrote: supabase/migrations/025_approval_execution.sql
[0;32m[2026-09-29T10:34:56Z][OK   ][0m Wrote: supabase/migrations/026_agent_schedules.sql
[0;32m[2026-09-29T10:34:57Z][OK   ][0m Migration files created

[1m[0;36m>>> Step 13 — TypeScript typecheck[0m
[0;34m[2026-09-29T10:34:57Z][INFO ][0m Running typecheck (30-90s)
[0;32m[2026-09-29T10:35:09Z][OK   ][0m TypeScript: clean

[1m[0;36m>>> Step 14 — ESLint[0m
[1;33m[2026-09-29T10:35:28Z][WARN ][0m Lint issues present (non-fatal)

[1m[0;36m>>> Step 15 — Production build[0m
[0;34m[2026-09-29T10:35:29Z][INFO ][0m Building (2-5 min)

> setu-kalki@0.1.0 build
> next build

▲ Next.js 16.3.6 (Turbopack)
- Environments: .env.local
✓ Running next.config.ts took 3.5s
- Experiments (use with caution):
  · serverActions

  Creating an optimized production build ...
✓ Compiled successfully in 4.0s
  Running TypeScript ...
  Finished TypeScript in 8.0s ...
  Collecting page data using 7 workers ...
  Generating static pages using 7 workers (0/7) ...
  Generating static pages using 7 workers (1/7) 
  Generating static pages using 7 workers (3/7) 
  Generating static pages using 7 workers (5/7) 
✓ Generating static pages using 7 workers (7/7) in 443ms
  Finalizing page optimization ...

Route (app)
┌ ○ /
├ ○ /_not-found
├ ƒ /ads
├ ƒ /analytics
├ ƒ /api/cron/refresh-tokens
├ ƒ /api/health
├ ƒ /api/oauth/[provider]/callback
├ ƒ /api/oauth/[provider]/disconnect
├ ƒ /api/oauth/[provider]/start
├ ƒ /api/observability/ingest
├ ƒ /api/siddhi/chat
├ ƒ /approvals
├ ƒ /callback
├ ƒ /calls
├ ƒ /campaigns
├ ƒ /command-center
├ ƒ /connect
├ ƒ /content
├ ƒ /dashboard
├ ƒ /forgot-password
├ ƒ /inbox
├ ƒ /leads
├ ƒ /leads/[id]
├ ƒ /login
├ ○ /manifest.webmanifest
├ ƒ /onboarding
├ ƒ /ops
├ ƒ /ops/activity
├ ƒ /ops/approvals
├ ƒ /ops/governance
├ ƒ /ops/registry
├ ƒ /performance
├ ƒ /reset-password
├ ○ /robots.txt
├ ƒ /settings
├ ƒ /signals
├ ƒ /signup
├ ○ /sitemap.xml
├ ƒ /verify
├ ƒ /workforce
└ ƒ /workforce/[slug]


ƒ Proxy (Middleware)

○  (Static)   prerendered as static content
ƒ  (Dynamic)  server-rendered on demand

[0;32m[2026-09-29T10:35:54Z][OK   ][0m Build succeeded in 24s

[1m[0;36m>>> Step 16 — Git push[0m
