
> setu-kalki@0.1.0 build
> next build

▲ Next.js 16.3.6 (Turbopack)
- Environments: .env.local
✓ Running next.config.ts took 2.0s
- Experiments (use with caution):
  · serverActions

  Creating an optimized production build ...
✓ Compiled successfully in 4.7s
  Running TypeScript ...
  Finished TypeScript in 14.4s ...
  Collecting page data using 7 workers ...
  Generating static pages using 7 workers (0/7) ...
  Generating static pages using 7 workers (1/7) 
  Generating static pages using 7 workers (3/7) 
  Generating static pages using 7 workers (5/7) 
✓ Generating static pages using 7 workers (7/7) in 667ms
  Finalizing page optimization ...

Route (app)
┌ ○ /
├ ○ /_not-found
├ ƒ /ads
├ ƒ /analytics
├ ƒ /api/cron/refresh-tokens
├ ƒ /api/deliverability/check
├ ƒ /api/health
├ ƒ /api/media/upload
├ ƒ /api/oauth/[provider]/callback
├ ƒ /api/oauth/[provider]/disconnect
├ ƒ /api/oauth/[provider]/start
├ ƒ /api/observability/ingest
├ ƒ /api/reply/classify
├ ƒ /api/siddhi/chat
├ ƒ /api/webhooks/resend
├ ƒ /api/workers/tick
├ ƒ /approvals
├ ƒ /callback
├ ƒ /calls
├ ƒ /campaigns
├ ƒ /command-center
├ ƒ /connect
├ ƒ /content
├ ƒ /content/media
├ ƒ /dashboard
├ ƒ /forgot-password
├ ƒ /inbox
├ ƒ /leads
├ ƒ /leads/[id]
├ ƒ /login
├ ○ /manifest.webmanifest
├ ƒ /onboarding
├ ƒ /ops
├ ƒ /ops/activity
├ ƒ /ops/approvals
├ ƒ /ops/governance
├ ƒ /ops/registry
├ ƒ /performance
├ ƒ /reset-password
├ ○ /robots.txt
├ ƒ /settings
├ ƒ /signals
├ ƒ /signup
├ ○ /sitemap.xml
├ ƒ /verify
├ ƒ /workforce
└ ƒ /workforce/[slug]


ƒ Proxy (Middleware)

○  (Static)   prerendered as static content
ƒ  (Dynamic)  server-rendered on demand

