
[1m[0;35m================================================================[0m

[1m[0;35m  SETU KALKI — PHASE 3 FIX & PREFLIGHT[0m

[1m[0;35m  Run ID:    20260929T101141Z[0m

[1m[0;35m  Platform:  windows[0m

[1m[0;35m  Repo:      /d/setu[0m

[1m[0;35m================================================================[0m

[1m[0;36m>>> Step 1 — Preflight[0m
[0;34m[2026-09-29T10:11:46Z][INFO ][0m Node.js: 24.18.0
[0;34m[2026-09-29T10:11:46Z][INFO ][0m npm:     11.16.0
[0;32m[2026-09-29T10:11:47Z][OK   ][0m Node.js version acceptable
[0;34m[2026-09-29T10:11:47Z][INFO ][0m git version 2.55.0.windows.2
[0;32m[2026-09-29T10:11:47Z][OK   ][0m Project structure verified
[0;34m[2026-09-29T10:11:48Z][INFO ][0m TanStack Table declared: ^9.2.4
[0;32m[2026-09-29T10:11:48Z][OK   ][0m TanStack Table v9 detected — v9 API required
[0;32m[2026-09-29T10:11:49Z][OK   ][0m Preflight complete

[1m[0;36m>>> Step 3 — Environment[0m
[0;32m[2026-09-29T10:12:00Z][OK   ][0m Loaded .env.local
[0;32m[2026-09-29T10:12:00Z][OK   ][0m Environment ready

[1m[0;36m>>> Step 4 — Backups[0m
[0;32m[2026-09-29T10:12:01Z][OK   ][0m Backed up: components/shared/data-table.tsx
[0;32m[2026-09-29T10:12:02Z][OK   ][0m Backed up: middleware.ts
[0;34m[2026-09-29T10:12:02Z][INFO ][0m Backup directory: /d/setu/.phase3-backups/20260929T101141Z

[1m[0;36m>>> Step 5 — Fix data-table.tsx for TanStack Table v9[0m
[1;33m[2026-09-29T10:12:03Z][WARN ][0m Detected v8 API — rewriting for v9
[0;32m[2026-09-29T10:12:04Z][OK   ][0m Wrote: components/shared/data-table.tsx
[0;32m[2026-09-29T10:12:04Z][OK   ][0m Rewrote data-table.tsx for v9

[1m[0;36m>>> Step 6 — Migrate middleware.ts → proxy.ts[0m
[1;33m[2026-09-29T10:12:05Z][WARN ][0m middleware.ts detected — migrating to proxy.ts
[0;32m[2026-09-29T10:12:06Z][OK   ][0m Wrote: proxy.ts
[0;32m[2026-09-29T10:12:06Z][OK   ][0m Created proxy.ts, removed middleware.ts

[1m[0;36m>>> Step 7 — TypeScript typecheck[0m
[0;34m[2026-09-29T10:12:07Z][INFO ][0m Running typecheck (30–90s)
[0;32m[2026-09-29T10:12:22Z][OK   ][0m TypeScript: clean

[1m[0;36m>>> Step 8 — ESLint[0m
[1;33m[2026-09-29T10:12:54Z][WARN ][0m Lint issues present (non-fatal)
D:\setu\components\skeletons\chart-skeleton.tsx
  22:42  error  Error: Cannot call impure function during render

`Math.random` is an impure function. Calling an impure function can produce unstable results that update unpredictably when the component happens to re-render. (https://react.dev/reference/rules/components-and-hooks-must-be-pure#components-and-hooks-must-be-idempotent).

D:\setu\components\skeletons\chart-skeleton.tsx:22:42
  20 |                 key={i}
  21 |                 className="flex-1 animate-pulse rounded-t bg-muted"
> 22 |                 style={{ height: `${20 + Math.random() * 60}%` }}
     |                                          ^^^^^^^^^^^^^ Cannot call impure function
  23 |               />
  24 |             ))}
  25 |           </div>  react-hooks/purity

✖ 6 problems (5 errors, 1 warning)

[1m[0;36m>>> Step 9 — Production build[0m
[0;34m[2026-09-29T10:12:54Z][INFO ][0m Building (2–5 min)

> setu-kalki@0.1.0 build
> next build

▲ Next.js 16.3.6 (Turbopack)
- Environments: .env.local
✓ Running next.config.ts took 3.4s
- Experiments (use with caution):
  · serverActions

  Creating an optimized production build ...
✓ Compiled successfully in 7.1s
  Running TypeScript ...
  Finished TypeScript in 8.5s ...
  Collecting page data using 7 workers ...
  Generating static pages using 7 workers (0/7) ...
  Generating static pages using 7 workers (1/7) 
  Generating static pages using 7 workers (3/7) 
  Generating static pages using 7 workers (5/7) 
✓ Generating static pages using 7 workers (7/7) in 670ms
  Finalizing page optimization ...

Route (app)
┌ ○ /
├ ○ /_not-found
├ ƒ /ads
├ ƒ /analytics
├ ƒ /api/cron/refresh-tokens
├ ƒ /api/health
├ ƒ /api/oauth/[provider]/callback
├ ƒ /api/oauth/[provider]/disconnect
├ ƒ /api/oauth/[provider]/start
├ ƒ /api/observability/ingest
├ ƒ /api/siddhi/chat
├ ƒ /approvals
├ ƒ /callback
├ ƒ /calls
├ ƒ /campaigns
├ ƒ /command-center
├ ƒ /connect
├ ƒ /content
├ ƒ /dashboard
├ ƒ /forgot-password
├ ƒ /inbox
├ ƒ /leads
├ ƒ /leads/[id]
├ ƒ /login
├ ○ /manifest.webmanifest
├ ƒ /onboarding
├ ƒ /ops
├ ƒ /ops/activity
├ ƒ /ops/approvals
├ ƒ /ops/governance
├ ƒ /ops/registry
├ ƒ /performance
├ ƒ /reset-password
├ ○ /robots.txt
├ ƒ /settings
├ ƒ /signals
├ ƒ /signup
├ ○ /sitemap.xml
├ ƒ /verify
├ ƒ /workforce
└ ƒ /workforce/[slug]


ƒ Proxy (Middleware)

○  (Static)   prerendered as static content
ƒ  (Dynamic)  server-rendered on demand

[0;32m[2026-09-29T10:13:24Z][OK   ][0m Build succeeded in 29s

[1m[0;36m>>> Step 10 — Git push[0m
[0;34m[2026-09-29T10:13:24Z][INFO ][0m Staging changes
