
[1m[0;35m╔══════════════════════════════════════════════════════════════╗[0m

[1m[0;35m║  SETU KALKI — PHASE 1 ENTERPRISE DEPLOYMENT                  ║[0m

[1m[0;35m║  Run ID : 20260928T122309Z                              ║[0m

[1m[0;35m║  Platform: windows                                          ║[0m

[1m[0;35m╚══════════════════════════════════════════════════════════════╝[0m

[1m[0;36m━━━ Step 1 — Pre-flight checks ━━━[0m
[0;34m[2026-09-28T12:23:13Z][INFO ][0m Node.js: 24.18.0
[0;34m[2026-09-28T12:23:13Z][INFO ][0m npm:     11.16.0
[0;32m[2026-09-28T12:23:14Z][OK   ][0m Node.js and npm satisfy minimums
[0;34m[2026-09-28T12:23:14Z][INFO ][0m Detected Git Bash / MINGW64 — applying Windows-safe paths
[0;34m[2026-09-28T12:23:14Z][INFO ][0m shellcheck not installed — skipping script lint

[1m[0;36m━━━ Step 2 — Netlify CLI detection ━━━[0m
[1;33m[2026-09-28T12:23:15Z][WARN ][0m Netlify CLI not installed
[1;33m[2026-09-28T12:23:15Z][WARN ][0m Install: npm i -g netlify-cli

[1m[0;36m━━━ Step 3 — Environment resolution ━━━[0m
[0;34m[2026-09-28T12:23:16Z][INFO ][0m Loading: /d/setu/.env.local
[0;32m[2026-09-28T12:23:26Z][OK   ][0m Environment source: .env.local
[1;33m[2026-09-28T12:23:27Z][WARN ][0m 4 required variable(s) missing locally
[1;33m[2026-09-28T12:23:27Z][WARN ][0m Cannot pull from Netlify (not authenticated)
[0;34m[2026-09-28T12:23:27Z][INFO ][0m Validating environment...
[0;31m[2026-09-28T12:23:28Z][ERROR][0m Missing: NEXT_PUBLIC_SUPABASE_URL
[0;31m[2026-09-28T12:23:28Z][ERROR][0m Missing: NEXT_PUBLIC_SUPABASE_PUBLISHABLE_KEY
[0;31m[2026-09-28T12:23:28Z][ERROR][0m Missing: NEXT_PUBLIC_APP_URL
[0;31m[2026-09-28T12:23:28Z][ERROR][0m Missing: CRON_SECRET
[0;31m[2026-09-28T12:23:29Z][ERROR][0m 4 required variable(s) missing
[0;31m[2026-09-28T12:23:29Z][ERROR][0m 
[0;31m[2026-09-28T12:23:29Z][ERROR][0m Options:
[0;31m[2026-09-28T12:23:30Z][ERROR][0m   1. Authenticate Netlify:  netlify login
[0;31m[2026-09-28T12:23:30Z][ERROR][0m   2. Pull env manually:     ./phase1_deploy.sh --pull-env
[0;31m[2026-09-28T12:23:30Z][ERROR][0m   3. Create .env.local from .env.example and fill values
[0;31m[2026-09-28T12:23:31Z][ERROR][0m   4. Force continuation:    ./phase1_deploy.sh --force
[0;31m[2026-09-28T12:23:31Z][ERROR][0m Deployment aborted (exit 1)
[0;31m[2026-09-28T12:23:31Z][ERROR][0m Log: /d/setu/.deploy-logs/phase1-20260928T122309Z.log
