
[1m[0;35m╔══════════════════════════════════════════════════════════════╗[0m

[1m[0;35m║   SETU KALKI — IDEMPOTENT BUILD & DEPLOY (NETLIFY-FIRST)     ║[0m

[1m[0;35m║   Run:      20260928T122448Z                                   ║[0m

[1m[0;35m║   Platform: windows                                 ║[0m

[1m[0;35m╚══════════════════════════════════════════════════════════════╝[0m

[1m[0;36m━━━ Step 1 — Preflight ━━━[0m
[0;34m[2026-09-28T12:24:53Z][INFO ][0m Node: 24.18.0
[0;34m[2026-09-28T12:24:53Z][INFO ][0m npm:  11.16.0
[0;32m[2026-09-28T12:24:53Z][OK   ][0m Node and npm OK
[0;32m[2026-09-28T12:24:54Z][OK   ][0m git: git version 2.55.0.windows.2
[0;34m[2026-09-28T12:24:54Z][INFO ][0m Branch: main
[1;33m[2026-09-28T12:24:55Z][WARN ][0m 11 uncommitted change(s)

[1m[0;36m━━━ Step 3 — Environment preparation ━━━[0m
[0;34m[2026-09-28T12:24:55Z][INFO ][0m Creating .env.placeholder from .env.example
[0;32m[2026-09-28T12:24:56Z][OK   ][0m Created .env.placeholder
[0;34m[2026-09-28T12:24:56Z][INFO ][0m .env.local present — using real local values
[0;34m[2026-09-28T12:24:57Z][INFO ][0m Loading: .env.local
[0;34m[2026-09-28T12:25:08Z][INFO ][0m Environment summary:
[0;32m[2026-09-28T12:25:08Z][OK   ][0m   NEXT_PUBLIC_SUPABASE_URL = __SET_…ME__
[0;32m[2026-09-28T12:25:09Z][OK   ][0m   NEXT_PUBLIC_SUPABASE_PUBLISHABLE_KEY = __SET_…ME__
[0;32m[2026-09-28T12:25:09Z][OK   ][0m   NEXT_PUBLIC_APP_URL = __SET_…ME__
[0;32m[2026-09-28T12:25:09Z][OK   ][0m   CRON_SECRET = placeh…imum
[0;32m[2026-09-28T12:25:10Z][OK   ][0m Environment ready (placeholders OK for local build)

[1m[0;36m━━━ Step 4 — Migration 003 check ━━━[0m
[1;33m[2026-09-28T12:25:10Z][WARN ][0m Migration 003 has unquoted identifiers — fixing
[0;34m[2026-09-28T12:25:11Z][INFO ][0m Backup: /d/setu/supabase/migrations/003_phase5.sql.bak.1790598311
[0;32m[2026-09-28T12:25:12Z][OK   ][0m Migration 003 fixed

[1m[0;36m━━━ Step 5 — Dependencies ━━━[0m
[0;34m[2026-09-28T12:25:12Z][INFO ][0m Install required
npm warn deprecated eslint@9.39.5: This version is no longer supported. Please see https://eslint.org/version-support for other options.

added 691 packages, and audited 692 packages in 1m

247 packages are looking for funding
  run `npm fund` for details

found 0 vulnerabilities
npm warn allow-scripts 1 package has install scripts not yet covered by allowScripts:
npm warn allow-scripts   unrs-resolver@1.12.2 (postinstall: node postinstall.js)
npm warn allow-scripts
npm warn allow-scripts Run `npm approve-scripts --allow-scripts-pending` to review, or `npm approve-scripts <pkg>` to allow.
[0;32m[2026-09-28T12:26:22Z][OK   ][0m Dependencies installed (npm ci)

[1m[0;36m━━━ Step 6 — TypeScript typecheck ━━━[0m
[0;34m[2026-09-28T12:26:22Z][INFO ][0m Running typecheck (30–90s)...
app/actions/notifications.ts(16,11): error TS2769: No overload matches this call.
  Overload 1 of 2, '(relation: "profiles" | "leads" | "campaigns" | "emails" | "calls" | "ad_performance" | "agent_runs" | "job_queue" | "rate_limits" | "approvals" | "signals" | "agent_costs" | "platform_connections" | ... 8 more ... | "document_sections"): PostgrestQueryBuilder<...>', gave the following error.
    Argument of type '"notifications"' is not assignable to parameter of type '"profiles" | "leads" | "campaigns" | "emails" | "calls" | "ad_performance" | "agent_runs" | "job_queue" | "rate_limits" | "approvals" | "signals" | "agent_costs" | "platform_connections" | ... 8 more ... | "document_sections"'.
  Overload 2 of 2, '(relation: never): PostgrestQueryBuilder<{ PostgrestVersion: "12"; }, { Tables: { profiles: { Row: { id: string; email: string; full_name: string | null; plan: string; settings: Json; created_at: string; updated_at: string; }; Insert: { ...; }; Update: { ...; }; Relationships: []; }; ... 20 more ...; document_sections: { ...; }; }; Views: {}; Functions: { ...; }; Enums: {}; CompositeTypes: {}; }, never, never, never>', gave the following error.
    Argument of type '"notifications"' is not assignable to parameter of type 'never'.
app/actions/notifications.ts(17,15): error TS2353: Object literal may only specify known properties, and 'read_at' does not exist in type 'RejectExcessProperties<{ id?: string | undefined; email?: string | undefined; full_name?: string | null | undefined; plan?: string | undefined; settings?: Json | undefined; created_at?: string | undefined; updated_at?: string | undefined; } | ... 20 more ... | { ...; }, { ...; } | ... 20 more ... | { ...; }>'.
app/actions/notifications.ts(18,9): error TS2345: Argument of type '"id"' is not assignable to parameter of type 'never'.
app/actions/notifications.ts(19,9): error TS2345: Argument of type '"user_id"' is not assignable to parameter of type 'never'.
app/actions/notifications.ts(34,11): error TS2769: No overload matches this call.
  Overload 1 of 2, '(relation: "profiles" | "leads" | "campaigns" | "emails" | "calls" | "ad_performance" | "agent_runs" | "job_queue" | "rate_limits" | "approvals" | "signals" | "agent_costs" | "platform_connections" | ... 8 more ... | "document_sections"): PostgrestQueryBuilder<...>', gave the following error.
    Argument of type '"notifications"' is not assignable to parameter of type '"profiles" | "leads" | "campaigns" | "emails" | "calls" | "ad_performance" | "agent_runs" | "job_queue" | "rate_limits" | "approvals" | "signals" | "agent_costs" | "platform_connections" | ... 8 more ... | "document_sections"'.
  Overload 2 of 2, '(relation: never): PostgrestQueryBuilder<{ PostgrestVersion: "12"; }, { Tables: { profiles: { Row: { id: string; email: string; full_name: string | null; plan: string; settings: Json; created_at: string; updated_at: string; }; Insert: { ...; }; Update: { ...; }; Relationships: []; }; ... 20 more ...; document_sections: { ...; }; }; Views: {}; Functions: { ...; }; Enums: {}; CompositeTypes: {}; }, never, never, never>', gave the following error.
    Argument of type '"notifications"' is not assignable to parameter of type 'never'.
app/actions/notifications.ts(35,15): error TS2353: Object literal may only specify known properties, and 'read_at' does not exist in type 'RejectExcessProperties<{ id?: string | undefined; email?: string | undefined; full_name?: string | null | undefined; plan?: string | undefined; settings?: Json | undefined; created_at?: string | undefined; updated_at?: string | undefined; } | ... 20 more ... | { ...; }, { ...; } | ... 20 more ... | { ...; }>'.
app/actions/notifications.ts(36,9): error TS2345: Argument of type '"user_id"' is not assignable to parameter of type 'never'.
app/actions/notifications.ts(52,11): error TS2769: No overload matches this call.
  Overload 1 of 2, '(relation: "profiles" | "leads" | "campaigns" | "emails" | "calls" | "ad_performance" | "agent_runs" | "job_queue" | "rate_limits" | "approvals" | "signals" | "agent_costs" | "platform_connections" | ... 8 more ... | "document_sections"): PostgrestQueryBuilder<...>', gave the following error.
    Argument of type '"notifications"' is not assignable to parameter of type '"profiles" | "leads" | "campaigns" | "emails" | "calls" | "ad_performance" | "agent_runs" | "job_queue" | "rate_limits" | "approvals" | "signals" | "agent_costs" | "platform_connections" | ... 8 more ... | "document_sections"'.
  Overload 2 of 2, '(relation: never): PostgrestQueryBuilder<{ PostgrestVersion: "12"; }, { Tables: { profiles: { Row: { id: string; email: string; full_name: string | null; plan: string; settings: Json; created_at: string; updated_at: string; }; Insert: { ...; }; Update: { ...; }; Relationships: []; }; ... 20 more ...; document_sections: { ...; }; }; Views: {}; Functions: { ...; }; Enums: {}; CompositeTypes: {}; }, never, never, never>', gave the following error.
    Argument of type '"notifications"' is not assignable to parameter of type 'never'.
app/actions/notifications.ts(54,9): error TS2345: Argument of type '"id"' is not assignable to parameter of type 'never'.
app/actions/notifications.ts(55,9): error TS2345: Argument of type '"user_id"' is not assignable to parameter of type 'never'.
lib/notifications/queries.ts(11,11): error TS2769: No overload matches this call.
  Overload 1 of 2, '(relation: "profiles" | "leads" | "campaigns" | "emails" | "calls" | "ad_performance" | "agent_runs" | "job_queue" | "rate_limits" | "approvals" | "signals" | "agent_costs" | "platform_connections" | ... 8 more ... | "document_sections"): PostgrestQueryBuilder<...>', gave the following error.
    Argument of type '"notifications"' is not assignable to parameter of type '"profiles" | "leads" | "campaigns" | "emails" | "calls" | "ad_performance" | "agent_runs" | "job_queue" | "rate_limits" | "approvals" | "signals" | "agent_costs" | "platform_connections" | ... 8 more ... | "document_sections"'.
  Overload 2 of 2, '(relation: never): PostgrestQueryBuilder<{ PostgrestVersion: "12"; }, { Tables: { profiles: { Row: { id: string; email: string; full_name: string | null; plan: string; settings: Json; created_at: string; updated_at: string; }; Insert: { ...; }; Update: { ...; }; Relationships: []; }; ... 20 more ...; document_sections: { ...; }; }; Views: {}; Functions: { ...; }; Enums: {}; CompositeTypes: {}; }, never, never, never>', gave the following error.
    Argument of type '"notifications"' is not assignable to parameter of type 'never'.
lib/notifications/queries.ts(13,9): error TS2345: Argument of type '"user_id"' is not assignable to parameter of type 'never'.
lib/notifications/queries.ts(23,11): error TS2769: No overload matches this call.
  Overload 1 of 2, '(relation: "profiles" | "leads" | "campaigns" | "emails" | "calls" | "ad_performance" | "agent_runs" | "job_queue" | "rate_limits" | "approvals" | "signals" | "agent_costs" | "platform_connections" | ... 8 more ... | "document_sections"): PostgrestQueryBuilder<...>', gave the following error.
    Argument of type '"notifications"' is not assignable to parameter of type '"profiles" | "leads" | "campaigns" | "emails" | "calls" | "ad_performance" | "agent_runs" | "job_queue" | "rate_limits" | "approvals" | "signals" | "agent_costs" | "platform_connections" | ... 8 more ... | "document_sections"'.
  Overload 2 of 2, '(relation: never): PostgrestQueryBuilder<{ PostgrestVersion: "12"; }, { Tables: { profiles: { Row: { id: string; email: string; full_name: string | null; plan: string; settings: Json; created_at: string; updated_at: string; }; Insert: { ...; }; Update: { ...; }; Relationships: []; }; ... 20 more ...; document_sections: { ...; }; }; Views: {}; Functions: { ...; }; Enums: {}; CompositeTypes: {}; }, never, never, never>', gave the following error.
    Argument of type '"notifications"' is not assignable to parameter of type 'never'.
lib/notifications/queries.ts(25,9): error TS2345: Argument of type '"user_id"' is not assignable to parameter of type 'never'.
lib/notifications/types.ts(5,32): error TS2339: Property 'notifications' does not exist on type '{ profiles: { Row: { id: string; email: string; full_name: string | null; plan: string; settings: Json; created_at: string; updated_at: string; }; Insert: { id: string; email: string; full_name?: string | ... 1 more ... | undefined; plan?: string | undefined; settings?: Json | undefined; created_at?: string | undefi...'.
[0;31m[2026-09-28T12:26:31Z][ERROR][0m TypeScript errors found
[0;31m[2026-09-28T12:26:32Z][ERROR][0m Full output: /d/setu/.deploy-logs/setup-20260928T122448Z.log
[0;31m[2026-09-28T12:26:32Z][ERROR][0m Pipeline aborted (exit 1)
[0;31m[2026-09-28T12:26:32Z][ERROR][0m Log: /d/setu/.deploy-logs/setup-20260928T122448Z.log
